// Jest Snapshot v1, https://goo.gl/fbAQLP

exports[`<Separator /> rendering Separator with default props 1`] = `
<View
  style={
    Array [
      Object {
        "backgroundColor": "#768390",
        "height": 0.5,
        "width": "100%",
      },
    ]
  }
  testID="Separator"
/>
`;
